  -no-filename
        Suppress file name prefixes on output
  -q    Don't print matches; exit on first match (shorthand)
  -quiet
        Don't print matches; exit on first match
  -r    recursive
  -recursive
        recursive
  -regexp string
        Pattern to match
  -s    Don't print matches; exit on first match (shorthand)
  -silent
        Don't print matches; exit on first match
  -v    Print only non-matching lines (shorthand)
~/workspace$ git add customer-tramhuong/
~/workspace$ git commit -m "Fix product detail page SSR fetch - Tramhuong store"
On branch main
Your branch is ahead of 'origin/main' by 1 commit.
  (use "git push" to publish your local commits)

Untracked files:
  (use "git add <file>..." to include in what will be committed)
    attached_assets/Pasted--create-mode-100644-customer-tramhuong-src-components-FullScreenImageModal-tsx-create-mode-10064-1760367722132_1760367722133.txt

nothing added to commit but untracked files present (use "git add" to track)
flag provided but not defined: -x
Usage: grep [-clFivnhqre] [FILE]...

  -F    Match using fixed strings (shorthand)
  -c    Just show counts
  -count
        Just show counts
  -e string
        Pattern to match (shorthand)
  -files-with-matches
        list only files
  -fixed-strings
        Match using fixed strings
  -h    Suppress file name prefixes on output (shorthand)
  -i    case-insensitive matching (shorthand)
  -ignore-case
        case-insensitive matching
  -invert-match
        Print only non-matching lines
  -l    list only files (shorthand)
  -line-number
        Show line numbers
  -n    Show line numbers (shorthand)
  -no-filename
        Suppress file name prefixes on output
  -q    Don't print matches; exit on first match (shorthand)
  -quiet
        Don't print matches; exit on first match
  -r    recursive
  -recursive
        recursive
  -regexp string
        Pattern to match
  -s    Don't print matches; exit on first match (shorthand)
  -silent
        Don't print matches; exit on first match
  -v    Print only non-matching lines (shorthand)
~/workspace$ git push origin main
To https://github.com/chihoangvnn/sun-foods-multi-store.git
 ! [rejected]        main -> main (fetch first)
error: failed to push some refs to 'https://github.com/chihoangvnn/sun-foods-multi-store.git'
hint: Updates were rejected because the remote contains work that you do not
hint: have locally. This is usually caused by another repository pushing to
hint: the same ref. If you want to integrate the remote changes, use
hint: 'git pull' before pushing again.
hint: See the 'Note about fast-forwards' in 'git push --help' for details.
~/workspace$ 