curl http://localhost:5000/adminhoang
^C
root@sunfoods:/var/www/sun# curl http://localhost:5000/adminhoang
curl: (7) Failed to connect to localhost port 5000 after 0 ms: Couldn't connect to server
root@sunfoods:/var/www/sun# pm2 status
â”Œâ”€â”€â”€â”€â”¬â”€â”€â”€â”€â”€â”€â”€â”€â”€â”€â”€â”€â”€â”€â”€â”€â”€â”€â”€â”€â”€â”€â”€â”€â”€â”¬â”€â”€â”€â”€â”€â”€â”€â”€â”€â”€â”€â”€â”€â”¬â”€â”€â”€â”€â”€â”€â”€â”€â”€â”¬â”€â”€â”€â”€â”€â”€â”€â”€â”€â”¬â”€â”€â”€â”€â”€â”€â”€â”€â”€â”€â”¬â”€â”€â”€â”€â”€â”€â”€â”€â”¬â”€â”€â”€â”€â”€â”€â”¬â”€â”€â”€â”€â”€â”€â”€â”€â”€â”€â”€â”¬â”€â”€â”€â”€â”€â”€â”€â”€â”€â”€â”¬â”€â”€â”€â”€â”€â”€â”€â”€â”€â”€â”¬â”€â”€â”€â”€â”€â”€â”€â”€â”€â”€â”¬â”€â”€â”€â”€â”€â”€â”€â”€â”€â”€â”
â”‚ id â”‚ name                    â”‚ namespace   â”‚ version â”‚ mode    â”‚ pid      â”‚ uptime â”‚ â†º    â”‚ status    â”‚ cpu      â”‚ mem      â”‚ user     â”‚ watching â”‚
â”œâ”€â”€â”€â”€â”¼â”€â”€â”€â”€â”€â”€â”€â”€â”€â”€â”€â”€â”€â”€â”€â”€â”€â”€â”€â”€â”€â”€â”€â”€â”€â”¼â”€â”€â”€â”€â”€â”€â”€â”€â”€â”€â”€â”€â”€â”¼â”€â”€â”€â”€â”€â”€â”€â”€â”€â”¼â”€â”€â”€â”€â”€â”€â”€â”€â”€â”¼â”€â”€â”€â”€â”€â”€â”€â”€â”€â”€â”¼â”€â”€â”€â”€â”€â”€â”€â”€â”¼â”€â”€â”€â”€â”€â”€â”¼â”€â”€â”€â”€â”€â”€â”€â”€â”€â”€â”€â”¼â”€â”€â”€â”€â”€â”€â”€â”€â”€â”€â”¼â”€â”€â”€â”€â”€â”€â”€â”€â”€â”€â”¼â”€â”€â”€â”€â”€â”€â”€â”€â”€â”€â”¼â”€â”€â”€â”€â”€â”€â”€â”€â”€â”€â”¤
â”‚ 0  â”‚ backend                 â”‚ default     â”‚ 1.0.0   â”‚ cluster â”‚ 0        â”‚ 0      â”‚ 71   â”‚ stopped   â”‚ 0%       â”‚ 0b       â”‚ root     â”‚ disabled â”‚
â”‚ 3  â”‚ ecosystem.production    â”‚ default     â”‚ 1.0.0   â”‚ fork    â”‚ 385786   â”‚ 69s    â”‚ 0    â”‚ online    â”‚ 0%       â”‚ 49.4mb   â”‚ root     â”‚ disabled â”‚
â”‚ 2  â”‚ mobile                  â”‚ default     â”‚ 0.39.7  â”‚ fork    â”‚ 0        â”‚ 0      â”‚ 3    â”‚ stopped   â”‚ 0%       â”‚ 0b       â”‚ root     â”‚ disabled â”‚
â””â”€â”€â”€â”€â”´â”€â”€â”€â”€â”€â”€â”€â”€â”€â”€â”€â”€â”€â”€â”€â”€â”€â”€â”€â”€â”€â”€â”€â”€â”€â”´â”€â”€â”€â”€â”€â”€â”€â”€â”€â”€â”€â”€â”€â”´â”€â”€â”€â”€â”€â”€â”€â”€â”€â”´â”€â”€â”€â”€â”€â”€â”€â”€â”€â”´â”€â”€â”€â”€â”€â”€â”€â”€â”€â”€â”´â”€â”€â”€â”€â”€â”€â”€â”€â”´â”€â”€â”€â”€â”€â”€â”´â”€â”€â”€â”€â”€â”€â”€â”€â”€â”€â”€â”´â”€â”€â”€â”€â”€â”€â”€â”€â”€â”€â”´â”€â”€â”€â”€â”€â”€â”€â”€â”€â”€â”´â”€â”€â”€â”€â”€â”€â”€â”€â”€â”€â”´â”€â”€â”€â”€â”€â”€â”€â”€â”€â”€â”˜
root@sunfoods:/var/www/sun# pm2 logs backend --lines 50 --nostream
[TAILING] Tailing last 50 lines for [backend] process (change the value with --lines option)
/root/.pm2/logs/backend-error-0.log last 50 lines:
0|backend  |   'â„¹ï¸ WORKERS: Workers are offline - Auto-posting requires deployed Vercel Functions'
0|backend  | ]
0|backend  | âš ï¸ SYSTEM HEALTH DEGRADED: [
0|backend  |   'ğŸŸ¡ WORKERS is degraded: Performance issues detected',
0|backend  |   'â„¹ï¸ WORKERS: Workers are offline - Auto-posting requires deployed Vercel Functions'
0|backend  | ]
0|backend  | âš ï¸ SYSTEM HEALTH DEGRADED: [
0|backend  |   'ğŸŸ¡ WORKERS is degraded: Performance issues detected',
0|backend  |   'â„¹ï¸ WORKERS: Workers are offline - Auto-posting requires deployed Vercel Functions'
0|backend  | ]
0|backend  | âš ï¸ SYSTEM HEALTH DEGRADED: [
0|backend  |   'ğŸŸ¡ WORKERS is degraded: Performance issues detected',
0|backend  |   'â„¹ï¸ WORKERS: Workers are offline - Auto-posting requires deployed Vercel Functions'
0|backend  | ]
0|backend  | âš ï¸ SYSTEM HEALTH DEGRADED: [
0|backend  |   'ğŸŸ¡ WORKERS is degraded: Performance issues detected',
0|backend  |   'â„¹ï¸ WORKERS: Workers are offline - Auto-posting requires deployed Vercel Functions'
0|backend  | ]
0|backend  | âš ï¸ SYSTEM HEALTH DEGRADED: [
0|backend  |   'ğŸŸ¡ WORKERS is degraded: Performance issues detected',
0|backend  |   'â„¹ï¸ WORKERS: Workers are offline - Auto-posting requires deployed Vercel Functions'
0|backend  | ]
0|backend  | âš ï¸ SYSTEM HEALTH DEGRADED: [
0|backend  |   'ğŸŸ¡ WORKERS is degraded: Performance issues detected',
0|backend  |   'â„¹ï¸ WORKERS: Workers are offline - Auto-posting requires deployed Vercel Functions'
0|backend  | ]
0|backend  | âš ï¸ SYSTEM HEALTH DEGRADED: [
0|backend  |   'ğŸŸ¡ WORKERS is degraded: Performance issues detected',
0|backend  |   'â„¹ï¸ WORKERS: Workers are offline - Auto-posting requires deployed Vercel Functions'
0|backend  | ]
0|backend  | âš ï¸ SYSTEM HEALTH DEGRADED: [
0|backend  |   'ğŸŸ¡ WORKERS is degraded: Performance issues detected',
0|backend  |   'â„¹ï¸ WORKERS: Workers are offline - Auto-posting requires deployed Vercel Functions'
0|backend  | ]
0|backend  | âš ï¸ SYSTEM HEALTH DEGRADED: [
0|backend  |   'ğŸŸ¡ WORKERS is degraded: Performance issues detected',
0|backend  |   'â„¹ï¸ WORKERS: Workers are offline - Auto-posting requires deployed Vercel Functions'
0|backend  | ]
0|backend  | âš ï¸ SYSTEM HEALTH DEGRADED: [
0|backend  |   'ğŸŸ¡ WORKERS is degraded: Performance issues detected',
0|backend  |   'â„¹ï¸ WORKERS: Workers are offline - Auto-posting requires deployed Vercel Functions'
0|backend  | ]
0|backend  | âš ï¸ SYSTEM HEALTH DEGRADED: [
0|backend  |   'ğŸŸ¡ WORKERS is degraded: Performance issues detected',
0|backend  |   'â„¹ï¸ WORKERS: Workers are offline - Auto-posting requires deployed Vercel Functions'
0|backend  | ]
0|backend  | âš ï¸ SYSTEM HEALTH DEGRADED: [
0|backend  |   'ğŸŸ¡ WORKERS is degraded: Performance issues detected',
0|backend  |   'â„¹ï¸ WORKERS: Workers are offline - Auto-posting requires deployed Vercel Functions'
0|backend  | ]

root@sunfoods:/var/www/sun# netstat -tlnp | grep node
Could not find command-not-found database. Run 'sudo apt update' to populate it.
netstat: command not found
root@sunfoods:/var/www/sun# lsof -i -P -n | grep LISTEN | grep node
root@sunfoods:/var/www/sun#